// Jest Snapshot v1, https://goo.gl/fbAQLP

exports[`NotFound should render correctly without props 1`] = `
<div
  className="container centered"
>
  <div
    className="vert-center"
  >
    <div
      className="title tile"
    >
      <h1
        className="huge"
      >
        404
      </h1>
      <h1>
        Page Not Found!
      </h1>
    </div>
  </div>
</div>
`;
