// Jest Snapshot v1, https://goo.gl/fbAQLP

exports[`Discussion should render correctly 1`] = `
<div
  className="container centered"
>
  <div
    className="title"
  >
    <h1>
      Questioner
    </h1>
  </div>
  <div
    className="tile"
  >
    <Card
      history={
        Array [
          Object {
            "fromUser": false,
            "msgId": 0,
            "text": "Loading...",
          },
        ]
      }
      onTextEntry={[Function]}
    />
  </div>
  <Link
    className="link"
    replace={false}
    to={
      Object {
        "pathname": "/report",
        "state": Object {
          "sessionId": "123uuid",
        },
      }
    }
  >
    <div
      className="main-button tile"
    >
      End Discussion
    </div>
  </Link>
</div>
`;
